****************************************
Report : constraint
	-all_violators
	-path slack_only
Design : caravel
Version: T-2022.03-SP3
Date   : Wed Oct 26 19:41:31 2022
****************************************








   max_capacitance

                             Required        Actual
   Pin                      Capacitance    Capacitance       Slack
   -----------------------------------------------------------------
   mprj/mprj/i_Top/i_WB_INTF/wbs_dat_o_reg_3_/Q   0.1621   0.4995  -0.3374 (VIOLATED)
   mprj/mprj/i_Top/i_WB_INTF/wbs_dat_o_reg_5_/Q   0.1621   0.4937  -0.3316 (VIOLATED)
   mprj/mprj/i_Top/i_WB_INTF/wbs_dat_o_reg_1_/Q   0.1621   0.4861  -0.3241 (VIOLATED)
   mprj/mprj/i_Top/i_WB_INTF/wbs_dat_o_reg_7_/Q   0.1621   0.4781  -0.3160 (VIOLATED)
   mprj/mprj/i_Top/i_WB_INTF/wbs_ack_o_reg/Q   0.1621   0.4744  -0.3123 (VIOLATED)
   mprj/mprj/i_Top/i_WB_INTF/wbs_dat_o_reg_0_/Q   0.1621   0.4735  -0.3115 (VIOLATED)
   mprj/mprj/i_Top/i_WB_INTF/wbs_dat_o_reg_8_/Q   0.1621   0.4730  -0.3110 (VIOLATED)
   mprj/mprj/i_Top/i_WB_INTF/wbs_dat_o_reg_2_/Q   0.1621   0.4579  -0.2958 (VIOLATED)
   mprj/mprj/i_Top/i_WB_INTF/wbs_dat_o_reg_13_/Q   0.1621   0.4502  -0.2882 (VIOLATED)
   mprj/mprj/i_Top/i_WB_INTF/wbs_dat_o_reg_9_/Q   0.1621   0.4502  -0.2881 (VIOLATED)
   mprj/mprj/i_Top/i_WB_INTF/wbs_dat_o_reg_6_/Q   0.1621   0.4495  -0.2874 (VIOLATED)
   mprj/mprj/i_Top/i_WB_INTF/wbs_dat_o_reg_4_/Q   0.1621   0.4411  -0.2791 (VIOLATED)
   mprj/mprj/i_Top/i_WB_INTF/wbs_dat_o_reg_12_/Q   0.1621   0.4383  -0.2762 (VIOLATED)
   mprj/mprj/i_Top/i_WB_INTF/wbs_dat_o_reg_15_/Q   0.1621   0.4381  -0.2760 (VIOLATED)
   mprj/mprj/i_Top/i_WB_INTF/wbs_dat_o_reg_11_/Q   0.1621   0.4273  -0.2653 (VIOLATED)
   mprj/mprj/i_Top/i_WB_INTF/wbs_dat_o_reg_10_/Q   0.1621   0.4121  -0.2501 (VIOLATED)
   mprj/mprj/i_Top/i_WB_INTF/wbs_dat_o_reg_14_/Q   0.1621   0.4065  -0.2444 (VIOLATED)
   soc/_32090_/Q              0.1621         0.1979        -0.0359  (VIOLATED)
   soc/hold575/X              0.1547         0.1667        -0.0120  (VIOLATED)
   soc/core.RAM128/Do0MUX.M[0].MUX[7]/X   0.1611   0.1630  -0.0019  (VIOLATED)


   max_transition

                             Required        Actual
   Pin                      Transition     Transition        Slack
   -----------------------------------------------------------------
   mprj/mprj/i_Top/i_WB_INTF/wbs_dat_o_reg_3_/Q   1.4980   4.5929  -3.0950 (VIOLATED)
   mgmt_buffers/ANTENNA_104/DIODE   1.5000   4.5929        -3.0929  (VIOLATED)
   mgmt_buffers/ANTENNA_105/DIODE   1.5000   4.5929        -3.0929  (VIOLATED)
   mgmt_buffers/ANTENNA_106/DIODE   1.5000   4.5929        -3.0929  (VIOLATED)
   mgmt_buffers/ANTENNA_107/DIODE   1.5000   4.5929        -3.0929  (VIOLATED)
   mgmt_buffers/ANTENNA_108/DIODE   1.5000   4.5929        -3.0929  (VIOLATED)
   mgmt_buffers/ANTENNA_109/DIODE   1.5000   4.5929        -3.0929  (VIOLATED)
   mgmt_buffers/ANTENNA_110/DIODE   1.5000   4.5929        -3.0929  (VIOLATED)
   mgmt_buffers/ANTENNA_111/DIODE   1.5000   4.5929        -3.0929  (VIOLATED)
   mgmt_buffers/ANTENNA_112/DIODE   1.5000   4.5929        -3.0929  (VIOLATED)
   mgmt_buffers/ANTENNA_113/DIODE   1.5000   4.5929        -3.0929  (VIOLATED)
   mgmt_buffers/ANTENNA_114/DIODE   1.5000   4.5929        -3.0929  (VIOLATED)
   mgmt_buffers/ANTENNA_115/DIODE   1.5000   4.5929        -3.0929  (VIOLATED)
   mgmt_buffers/ANTENNA_116/DIODE   1.5000   4.5929        -3.0929  (VIOLATED)
   mgmt_buffers/ANTENNA_117/DIODE   1.5000   4.5929        -3.0929  (VIOLATED)
   mgmt_buffers/ANTENNA_118/DIODE   1.5000   4.5929        -3.0929  (VIOLATED)
   mgmt_buffers/ANTENNA_119/DIODE   1.5000   4.5929        -3.0929  (VIOLATED)
   mgmt_buffers/ANTENNA_120/DIODE   1.5000   4.5929        -3.0929  (VIOLATED)
   mgmt_buffers/ANTENNA_121/DIODE   1.5000   4.5929        -3.0929  (VIOLATED)
   mgmt_buffers/ANTENNA_user_wb_dat_gates[3]_A/DIODE   1.5000   4.5929  -3.0929 (VIOLATED)
   mgmt_buffers/user_wb_dat_gates[3]/A   1.5000   4.5929   -3.0929  (VIOLATED)
   mprj/mprj/i_Top/i_WB_INTF/wbs_dat_o_reg_5_/Q   1.4980   4.5398  -3.0418 (VIOLATED)
   mgmt_buffers/ANTENNA_122/DIODE   1.5000   4.5398        -3.0398  (VIOLATED)
   mgmt_buffers/ANTENNA_123/DIODE   1.5000   4.5398        -3.0398  (VIOLATED)
   mgmt_buffers/ANTENNA_user_wb_dat_gates[5]_A/DIODE   1.5000   4.5398  -3.0398 (VIOLATED)
   mgmt_buffers/user_wb_dat_gates[5]/A   1.5000   4.5398   -3.0398  (VIOLATED)
   mprj/mprj/i_Top/i_WB_INTF/wbs_dat_o_reg_1_/Q   1.4980   4.4703  -2.9723 (VIOLATED)
   mgmt_buffers/ANTENNA_68/DIODE   1.5000    4.4703        -2.9703  (VIOLATED)
   mgmt_buffers/ANTENNA_69/DIODE   1.5000    4.4703        -2.9703  (VIOLATED)
   mgmt_buffers/ANTENNA_70/DIODE   1.5000    4.4703        -2.9703  (VIOLATED)
   mgmt_buffers/ANTENNA_71/DIODE   1.5000    4.4703        -2.9703  (VIOLATED)
   mgmt_buffers/ANTENNA_72/DIODE   1.5000    4.4703        -2.9703  (VIOLATED)
   mgmt_buffers/ANTENNA_73/DIODE   1.5000    4.4703        -2.9703  (VIOLATED)
   mgmt_buffers/ANTENNA_74/DIODE   1.5000    4.4703        -2.9703  (VIOLATED)
   mgmt_buffers/ANTENNA_75/DIODE   1.5000    4.4703        -2.9703  (VIOLATED)
   mgmt_buffers/ANTENNA_76/DIODE   1.5000    4.4703        -2.9703  (VIOLATED)
   mgmt_buffers/ANTENNA_77/DIODE   1.5000    4.4703        -2.9703  (VIOLATED)
   mgmt_buffers/ANTENNA_78/DIODE   1.5000    4.4703        -2.9703  (VIOLATED)
   mgmt_buffers/ANTENNA_79/DIODE   1.5000    4.4703        -2.9703  (VIOLATED)
   mgmt_buffers/ANTENNA_80/DIODE   1.5000    4.4703        -2.9703  (VIOLATED)
   mgmt_buffers/ANTENNA_81/DIODE   1.5000    4.4703        -2.9703  (VIOLATED)
   mgmt_buffers/ANTENNA_82/DIODE   1.5000    4.4703        -2.9703  (VIOLATED)
   mgmt_buffers/ANTENNA_83/DIODE   1.5000    4.4703        -2.9703  (VIOLATED)
   mgmt_buffers/ANTENNA_84/DIODE   1.5000    4.4703        -2.9703  (VIOLATED)
   mgmt_buffers/ANTENNA_85/DIODE   1.5000    4.4703        -2.9703  (VIOLATED)
   mgmt_buffers/ANTENNA_86/DIODE   1.5000    4.4703        -2.9703  (VIOLATED)
   mgmt_buffers/ANTENNA_87/DIODE   1.5000    4.4703        -2.9703  (VIOLATED)
   mgmt_buffers/ANTENNA_88/DIODE   1.5000    4.4703        -2.9703  (VIOLATED)
   mgmt_buffers/ANTENNA_89/DIODE   1.5000    4.4703        -2.9703  (VIOLATED)
   mgmt_buffers/ANTENNA_user_wb_dat_gates[1]_A/DIODE   1.5000   4.4703  -2.9703 (VIOLATED)
   mgmt_buffers/user_wb_dat_gates[1]/A   1.5000   4.4703   -2.9703  (VIOLATED)
   mprj/mprj/i_Top/i_WB_INTF/wbs_dat_o_reg_7_/Q   1.4980   4.3964  -2.8985 (VIOLATED)
   mgmt_buffers/ANTENNA_user_wb_dat_gates[7]_A/DIODE   1.5000   4.3964  -2.8964 (VIOLATED)
   mgmt_buffers/user_wb_dat_gates[7]/A   1.5000   4.3964   -2.8964  (VIOLATED)
   mprj/mprj/i_Top/i_WB_INTF/wbs_ack_o_reg/Q   1.4980   4.3656  -2.8677 (VIOLATED)
   mgmt_buffers/ANTENNA_4/DIODE   1.5000     4.3656        -2.8656  (VIOLATED)
   mgmt_buffers/ANTENNA_5/DIODE   1.5000     4.3656        -2.8656  (VIOLATED)
   mgmt_buffers/ANTENNA_6/DIODE   1.5000     4.3656        -2.8656  (VIOLATED)
   mgmt_buffers/ANTENNA_7/DIODE   1.5000     4.3656        -2.8656  (VIOLATED)
   mgmt_buffers/ANTENNA_8/DIODE   1.5000     4.3656        -2.8656  (VIOLATED)
   mgmt_buffers/ANTENNA_9/DIODE   1.5000     4.3656        -2.8656  (VIOLATED)
   mgmt_buffers/ANTENNA_10/DIODE   1.5000    4.3656        -2.8656  (VIOLATED)
   mgmt_buffers/ANTENNA_11/DIODE   1.5000    4.3656        -2.8656  (VIOLATED)
   mgmt_buffers/ANTENNA_12/DIODE   1.5000    4.3656        -2.8656  (VIOLATED)
   mgmt_buffers/ANTENNA_13/DIODE   1.5000    4.3656        -2.8656  (VIOLATED)
   mgmt_buffers/ANTENNA_14/DIODE   1.5000    4.3656        -2.8656  (VIOLATED)
   mgmt_buffers/ANTENNA_15/DIODE   1.5000    4.3656        -2.8656  (VIOLATED)
   mgmt_buffers/ANTENNA_16/DIODE   1.5000    4.3656        -2.8656  (VIOLATED)
   mgmt_buffers/ANTENNA_17/DIODE   1.5000    4.3656        -2.8656  (VIOLATED)
   mgmt_buffers/ANTENNA_18/DIODE   1.5000    4.3656        -2.8656  (VIOLATED)
   mgmt_buffers/ANTENNA_19/DIODE   1.5000    4.3656        -2.8656  (VIOLATED)
   mgmt_buffers/ANTENNA_20/DIODE   1.5000    4.3656        -2.8656  (VIOLATED)
   mgmt_buffers/ANTENNA_21/DIODE   1.5000    4.3656        -2.8656  (VIOLATED)
   mgmt_buffers/ANTENNA_22/DIODE   1.5000    4.3656        -2.8656  (VIOLATED)
   mgmt_buffers/ANTENNA_23/DIODE   1.5000    4.3656        -2.8656  (VIOLATED)
   mgmt_buffers/ANTENNA_24/DIODE   1.5000    4.3656        -2.8656  (VIOLATED)
   mgmt_buffers/ANTENNA_25/DIODE   1.5000    4.3656        -2.8656  (VIOLATED)
   mgmt_buffers/ANTENNA_user_wb_ack_gate_A/DIODE   1.5000   4.3656  -2.8656 (VIOLATED)
   mgmt_buffers/user_wb_ack_gate/A   1.5000   4.3656       -2.8656  (VIOLATED)
   mprj/mprj/i_Top/i_WB_INTF/U29/A   1.5000   4.3656       -2.8656  (VIOLATED)
   mprj/mprj/i_Top/i_WB_INTF/U158/B   1.5000   4.3656      -2.8656  (VIOLATED)
   mprj/mprj/i_Top/i_WB_INTF/wbs_dat_o_reg_0_/Q   1.4980   4.3545  -2.8566 (VIOLATED)
   mgmt_buffers/ANTENNA_26/DIODE   1.5000    4.3545        -2.8545  (VIOLATED)
   mgmt_buffers/ANTENNA_27/DIODE   1.5000    4.3545        -2.8545  (VIOLATED)
   mgmt_buffers/ANTENNA_28/DIODE   1.5000    4.3545        -2.8545  (VIOLATED)
   mgmt_buffers/ANTENNA_29/DIODE   1.5000    4.3545        -2.8545  (VIOLATED)
   mgmt_buffers/ANTENNA_30/DIODE   1.5000    4.3545        -2.8545  (VIOLATED)
   mgmt_buffers/ANTENNA_31/DIODE   1.5000    4.3545        -2.8545  (VIOLATED)
   mgmt_buffers/ANTENNA_32/DIODE   1.5000    4.3545        -2.8545  (VIOLATED)
   mgmt_buffers/ANTENNA_33/DIODE   1.5000    4.3545        -2.8545  (VIOLATED)
   mgmt_buffers/ANTENNA_34/DIODE   1.5000    4.3545        -2.8545  (VIOLATED)
   mgmt_buffers/ANTENNA_35/DIODE   1.5000    4.3545        -2.8545  (VIOLATED)
   mgmt_buffers/ANTENNA_36/DIODE   1.5000    4.3545        -2.8545  (VIOLATED)
   mgmt_buffers/ANTENNA_37/DIODE   1.5000    4.3545        -2.8545  (VIOLATED)
   mgmt_buffers/ANTENNA_38/DIODE   1.5000    4.3545        -2.8545  (VIOLATED)
   mgmt_buffers/ANTENNA_39/DIODE   1.5000    4.3545        -2.8545  (VIOLATED)
   mgmt_buffers/ANTENNA_40/DIODE   1.5000    4.3545        -2.8545  (VIOLATED)
   mgmt_buffers/ANTENNA_41/DIODE   1.5000    4.3545        -2.8545  (VIOLATED)
   mgmt_buffers/ANTENNA_42/DIODE   1.5000    4.3545        -2.8545  (VIOLATED)
   mgmt_buffers/ANTENNA_43/DIODE   1.5000    4.3545        -2.8545  (VIOLATED)
   mgmt_buffers/ANTENNA_44/DIODE   1.5000    4.3545        -2.8545  (VIOLATED)
   mgmt_buffers/ANTENNA_45/DIODE   1.5000    4.3545        -2.8545  (VIOLATED)
   mgmt_buffers/ANTENNA_46/DIODE   1.5000    4.3545        -2.8545  (VIOLATED)
   mgmt_buffers/ANTENNA_47/DIODE   1.5000    4.3545        -2.8545  (VIOLATED)
   mgmt_buffers/ANTENNA_user_wb_dat_gates[0]_A/DIODE   1.5000   4.3545  -2.8545 (VIOLATED)
   mgmt_buffers/user_wb_dat_gates[0]/A   1.5000   4.3545   -2.8545  (VIOLATED)
   mprj/mprj/i_Top/i_WB_INTF/wbs_dat_o_reg_8_/Q   1.4980   4.3504  -2.8525 (VIOLATED)
   mgmt_buffers/ANTENNA_user_wb_dat_gates[8]_A/DIODE   1.5000   4.3504  -2.8504 (VIOLATED)
   mgmt_buffers/user_wb_dat_gates[8]/A   1.5000   4.3504   -2.8504  (VIOLATED)
   mprj/mprj/i_Top/i_WB_INTF/wbs_dat_o_reg_2_/Q   1.4980   4.2110  -2.7131 (VIOLATED)
   mgmt_buffers/ANTENNA_user_wb_dat_gates[2]_A/DIODE   1.5000   4.2110  -2.7110 (VIOLATED)
   mgmt_buffers/user_wb_dat_gates[2]/A   1.5000   4.2110   -2.7110  (VIOLATED)
   mprj/mprj/i_Top/i_WB_INTF/wbs_dat_o_reg_13_/Q   1.4980   4.1411  -2.6432 (VIOLATED)
   mprj/mprj/i_Top/i_WB_INTF/wbs_dat_o_reg_9_/Q   1.4980   4.1404  -2.6424 (VIOLATED)
   mgmt_buffers/ANTENNA_56/DIODE   1.5000    4.1411        -2.6411  (VIOLATED)
   mgmt_buffers/ANTENNA_57/DIODE   1.5000    4.1411        -2.6411  (VIOLATED)
   mgmt_buffers/ANTENNA_58/DIODE   1.5000    4.1411        -2.6411  (VIOLATED)
   mgmt_buffers/ANTENNA_59/DIODE   1.5000    4.1411        -2.6411  (VIOLATED)
   mgmt_buffers/ANTENNA_60/DIODE   1.5000    4.1411        -2.6411  (VIOLATED)
   mgmt_buffers/ANTENNA_61/DIODE   1.5000    4.1411        -2.6411  (VIOLATED)
   mgmt_buffers/ANTENNA_62/DIODE   1.5000    4.1411        -2.6411  (VIOLATED)
   mgmt_buffers/ANTENNA_63/DIODE   1.5000    4.1411        -2.6411  (VIOLATED)
   mgmt_buffers/ANTENNA_user_wb_dat_gates[13]_A/DIODE   1.5000   4.1411  -2.6411 (VIOLATED)
   mgmt_buffers/user_wb_dat_gates[13]/A   1.5000   4.1411  -2.6411  (VIOLATED)
   mgmt_buffers/ANTENNA_user_wb_dat_gates[9]_A/DIODE   1.5000   4.1404  -2.6404 (VIOLATED)
   mgmt_buffers/user_wb_dat_gates[9]/A   1.5000   4.1404   -2.6404  (VIOLATED)
   mprj/mprj/i_Top/i_WB_INTF/wbs_dat_o_reg_6_/Q   1.4980   4.1340  -2.6360 (VIOLATED)
   mgmt_buffers/ANTENNA_user_wb_dat_gates[6]_A/DIODE   1.5000   4.1340  -2.6340 (VIOLATED)
   mgmt_buffers/user_wb_dat_gates[6]/A   1.5000   4.1340   -2.6340  (VIOLATED)
   mprj/mprj/i_Top/i_WB_INTF/wbs_dat_o_reg_4_/Q   1.4980   4.0574  -2.5594 (VIOLATED)
   mgmt_buffers/ANTENNA_user_wb_dat_gates[4]_A/DIODE   1.5000   4.0574  -2.5574 (VIOLATED)
   mgmt_buffers/user_wb_dat_gates[4]/A   1.5000   4.0574   -2.5574  (VIOLATED)
   mprj/mprj/i_Top/i_WB_INTF/wbs_dat_o_reg_12_/Q   1.4980   4.0315  -2.5336 (VIOLATED)
   mprj/mprj/i_Top/i_WB_INTF/wbs_dat_o_reg_15_/Q   1.4980   4.0296  -2.5316 (VIOLATED)
   mgmt_buffers/ANTENNA_48/DIODE   1.5000    4.0315        -2.5315  (VIOLATED)
   mgmt_buffers/ANTENNA_49/DIODE   1.5000    4.0315        -2.5315  (VIOLATED)
   mgmt_buffers/ANTENNA_50/DIODE   1.5000    4.0315        -2.5315  (VIOLATED)
   mgmt_buffers/ANTENNA_51/DIODE   1.5000    4.0315        -2.5315  (VIOLATED)
   mgmt_buffers/ANTENNA_52/DIODE   1.5000    4.0315        -2.5315  (VIOLATED)
   mgmt_buffers/ANTENNA_53/DIODE   1.5000    4.0315        -2.5315  (VIOLATED)
   mgmt_buffers/ANTENNA_54/DIODE   1.5000    4.0315        -2.5315  (VIOLATED)
   mgmt_buffers/ANTENNA_55/DIODE   1.5000    4.0315        -2.5315  (VIOLATED)
   mgmt_buffers/ANTENNA_user_wb_dat_gates[12]_A/DIODE   1.5000   4.0315  -2.5315 (VIOLATED)
   mgmt_buffers/user_wb_dat_gates[12]/A   1.5000   4.0315  -2.5315  (VIOLATED)
   mgmt_buffers/ANTENNA_user_wb_dat_gates[15]_A/DIODE   1.5000   4.0296  -2.5296 (VIOLATED)
   mgmt_buffers/user_wb_dat_gates[15]/A   1.5000   4.0296  -2.5296  (VIOLATED)
   mprj/mprj/i_Top/i_WB_INTF/wbs_dat_o_reg_11_/Q   1.4980   3.9309  -2.4329 (VIOLATED)
   mgmt_buffers/ANTENNA_user_wb_dat_gates[11]_A/DIODE   1.5000   3.9309  -2.4309 (VIOLATED)
   mgmt_buffers/user_wb_dat_gates[11]/A   1.5000   3.9309  -2.4309  (VIOLATED)
   mprj/mprj/i_Top/i_WB_INTF/wbs_dat_o_reg_10_/Q   1.4980   3.7913  -2.2934 (VIOLATED)
   mgmt_buffers/ANTENNA_user_wb_dat_gates[10]_A/DIODE   1.5000   3.7913  -2.2913 (VIOLATED)
   mgmt_buffers/user_wb_dat_gates[10]/A   1.5000   3.7913  -2.2913  (VIOLATED)
   mprj/mprj/i_Top/i_WB_INTF/wbs_dat_o_reg_14_/Q   1.4980   3.7395  -2.2416 (VIOLATED)
   mgmt_buffers/ANTENNA_64/DIODE   1.5000    3.7395        -2.2395  (VIOLATED)
   mgmt_buffers/ANTENNA_65/DIODE   1.5000    3.7395        -2.2395  (VIOLATED)
   mgmt_buffers/ANTENNA_66/DIODE   1.5000    3.7395        -2.2395  (VIOLATED)
   mgmt_buffers/ANTENNA_67/DIODE   1.5000    3.7395        -2.2395  (VIOLATED)
   mgmt_buffers/ANTENNA_user_wb_dat_gates[14]_A/DIODE   1.5000   3.7395  -2.2395 (VIOLATED)
   mgmt_buffers/user_wb_dat_gates[14]/A   1.5000   3.7395  -2.2395  (VIOLATED)
   padframe/mgmt_vssd_lvclamp_pad/VSSD_PAD   1.0000   2.0000  -1.0000 (VIOLATED)
   padframe/user1_vssd_lvclamp_pad/VSSD_PAD   1.0000   2.0000  -1.0000 (VIOLATED)
   padframe/user2_vssd_lvclamp_pad/VSSD_PAD   1.0000   2.0000  -1.0000 (VIOLATED)
   padframe/mgmt_vccd_lvclamp_pad/VCCD_PAD   1.5000   2.0000  -0.5000 (VIOLATED)
   padframe/mgmt_vdda_hvclamp_pad/VDDA_PAD   1.5000   2.0000  -0.5000 (VIOLATED)
   padframe/mgmt_vssa_hvclamp_pad/VSSA_PAD   1.5000   2.0000  -0.5000 (VIOLATED)
   padframe/user1_vccd_lvclamp_pad/VCCD_PAD   1.5000   2.0000  -0.5000 (VIOLATED)
   padframe/user1_vdda_hvclamp_pad[0]/VDDA_PAD   1.5000   2.0000  -0.5000 (VIOLATED)
   padframe/user1_vdda_hvclamp_pad[1]/VDDA_PAD   1.5000   2.0000  -0.5000 (VIOLATED)
   padframe/user1_vssa_hvclamp_pad[0]/VSSA_PAD   1.5000   2.0000  -0.5000 (VIOLATED)
   padframe/user1_vssa_hvclamp_pad[1]/VSSA_PAD   1.5000   2.0000  -0.5000 (VIOLATED)
   padframe/user2_vccd_lvclamp_pad/VCCD_PAD   1.5000   2.0000  -0.5000 (VIOLATED)
   padframe/user2_vdda_hvclamp_pad/VDDA_PAD   1.5000   2.0000  -0.5000 (VIOLATED)
   padframe/user2_vssa_hvclamp_pad/VSSA_PAD   1.5000   2.0000  -0.5000 (VIOLATED)
   soc/_25762_/A3             1.5000         1.8918        -0.3918  (VIOLATED)
   soc/ANTENNA__25762__A3/DIODE   1.5000     1.8917        -0.3917  (VIOLATED)
   soc/_25763_/A3             1.5000         1.8917        -0.3917  (VIOLATED)
   soc/ANTENNA__25763__A3/DIODE   1.5000     1.8917        -0.3917  (VIOLATED)
   soc/ANTENNA__27196__B/DIODE   1.5000      1.8917        -0.3917  (VIOLATED)
   soc/_27196_/B              1.5000         1.8917        -0.3917  (VIOLATED)
   soc/_32090_/Q              1.4980         1.8855        -0.3876  (VIOLATED)
   soc/ANTENNA__27194__D_N/DIODE   1.5000    1.8858        -0.3858  (VIOLATED)
   soc/_27193_/A              1.5000         1.8858        -0.3858  (VIOLATED)
   soc/_27194_/D_N            1.5000         1.8858        -0.3858  (VIOLATED)
   soc/ANTENNA__27193__A/DIODE   1.5000      1.8858        -0.3858  (VIOLATED)
   soc/hold575/X              1.4951         1.6570        -0.1619  (VIOLATED)
   soc/ANTENNA_1861/DIODE     1.5000         1.6594        -0.1594  (VIOLATED)
   soc/ANTENNA_1858/DIODE     1.5000         1.6593        -0.1593  (VIOLATED)
   soc/ANTENNA_1857/DIODE     1.5000         1.6593        -0.1593  (VIOLATED)
   soc/ANTENNA_1856/DIODE     1.5000         1.6593        -0.1593  (VIOLATED)
   soc/ANTENNA_1859/DIODE     1.5000         1.6593        -0.1593  (VIOLATED)
   soc/ANTENNA_1860/DIODE     1.5000         1.6593        -0.1593  (VIOLATED)
   soc/ANTENNA_1855/DIODE     1.5000         1.6593        -0.1593  (VIOLATED)
   soc/ANTENNA_1854/DIODE     1.5000         1.6593        -0.1593  (VIOLATED)
   soc/ANTENNA_1845/DIODE     1.5000         1.6593        -0.1593  (VIOLATED)
   soc/ANTENNA_1843/DIODE     1.5000         1.6593        -0.1593  (VIOLATED)
   soc/ANTENNA_1841/DIODE     1.5000         1.6593        -0.1593  (VIOLATED)
   soc/ANTENNA__24854__B/DIODE   1.5000      1.6593        -0.1593  (VIOLATED)
   soc/ANTENNA_1838/DIODE     1.5000         1.6593        -0.1593  (VIOLATED)
   soc/_24854_/B              1.5000         1.6593        -0.1593  (VIOLATED)
   soc/ANTENNA_1839/DIODE     1.5000         1.6593        -0.1593  (VIOLATED)
   soc/ANTENNA_1840/DIODE     1.5000         1.6593        -0.1593  (VIOLATED)
   soc/ANTENNA_1842/DIODE     1.5000         1.6593        -0.1593  (VIOLATED)
   soc/ANTENNA_1844/DIODE     1.5000         1.6593        -0.1593  (VIOLATED)
   soc/ANTENNA_1847/DIODE     1.5000         1.6576        -0.1576  (VIOLATED)
   soc/ANTENNA_1853/DIODE     1.5000         1.6575        -0.1575  (VIOLATED)
   soc/ANTENNA_1851/DIODE     1.5000         1.6575        -0.1575  (VIOLATED)
   soc/ANTENNA_1849/DIODE     1.5000         1.6574        -0.1574  (VIOLATED)
   soc/ANTENNA_1852/DIODE     1.5000         1.6571        -0.1571  (VIOLATED)
   soc/ANTENNA_1850/DIODE     1.5000         1.6571        -0.1571  (VIOLATED)
   soc/ANTENNA_1848/DIODE     1.5000         1.6571        -0.1571  (VIOLATED)
   soc/ANTENNA_1846/DIODE     1.5000         1.6571        -0.1571  (VIOLATED)
   soc/ANTENNA_855/DIODE      1.5000         1.5230        -0.0230  (VIOLATED)
   soc/ANTENNA_856/DIODE      1.5000         1.5230        -0.0230  (VIOLATED)
   soc/ANTENNA_857/DIODE      1.5000         1.5230        -0.0230  (VIOLATED)
   soc/ANTENNA_858/DIODE      1.5000         1.5230        -0.0230  (VIOLATED)
   soc/ANTENNA_859/DIODE      1.5000         1.5230        -0.0230  (VIOLATED)
   soc/ANTENNA_860/DIODE      1.5000         1.5230        -0.0230  (VIOLATED)
   soc/ANTENNA__17304__B1/DIODE   1.5000     1.5230        -0.0230  (VIOLATED)
   soc/_17304_/B1             1.5000         1.5230        -0.0230  (VIOLATED)
   soc/core.RAM128/Do0MUX.M[0].MUX[7]/X   1.5064   1.5230  -0.0166  (VIOLATED)


1
